../Drivers/CMSIS/Include/core_cm4.h:2064:26:ITM_SendChar	16	static,ignoring_inline_asm
../Core/Src/main.c:235:6:MEL_BANK_FILTER	40	static
../Core/Src/main.c:248:16:w	40	static
../Core/Src/main.c:256:5:reverseBit	24	static
../Core/Src/main.c:271:6:fft	88	static
../Core/Src/main.c:301:5:main	8	static
../Core/Src/main.c:366:6:SystemClock_Config	88	static
../Core/Src/main.c:413:13:MX_I2C1_Init	8	static
../Core/Src/main.c:447:13:MX_I2S2_Init	8	static
../Core/Src/main.c:481:13:MX_TIM3_Init	64	static
../Core/Src/main.c:544:13:MX_TIM5_Init	32	static
../Core/Src/main.c:589:13:MX_USART1_UART_Init	8	static
../Core/Src/main.c:620:13:MX_DMA_Init	16	static
../Core/Src/main.c:638:13:MX_GPIO_Init	48	static
../Core/Src/main.c:683:6:HAL_I2S_RxHalfCpltCallback	16	static
../Core/Src/main.c:691:6:HAL_I2S_RxCpltCallback	16	static
../Core/Src/main.c:699:6:HAL_TIM_PeriodElapsedCallback	16	static
../Core/Src/main.c:707:6:HAL_UART_RxCpltCallback	16	static
../Core/Src/main.c:712:6:toggleAudioStream	8	static
../Core/Src/main.c:743:6:processData	24	static
../Core/Src/main.c:770:6:fftTransform	32	static
../Core/Src/main.c:798:6:dctTransform	64	static
../Core/Src/main.c:841:6:calcDctEnergy	8	static
../Core/Src/main.c:870:6:enableRecordAudio	8	static
../Core/Src/main.c:876:9:startRecordAudio	16	static
../Core/Src/main.c:916:9:store10HighestFreqsdB	40	static
../Core/Src/main.c:956:6:startRecordSequence	16	static
../Core/Src/main.c:997:6:setLedSuccess	16	static
../Core/Src/main.c:1012:6:startVoiceRecognition	24	static
../Core/Src/main.c:1096:9:getValidKeys	16	static
../Core/Src/main.c:1106:6:processDataUART	24	static
../Core/Src/main.c:1149:6:voiceMoveCommand	24	static
../Core/Src/main.c:1164:6:setCarDirections	24	static
../Core/Src/main.c:1174:9:writeEEPROM	48	static
../Core/Src/main.c:1188:9:readEEPROM	48	static
../Core/Src/main.c:1201:5:_write	32	static
../Core/Src/main.c:1219:6:Error_Handler	4	static,ignoring_inline_asm
